Copyright 1986-2022 Xilinx, Inc. All Rights Reserved. Copyright 2022-2025 Advanced Micro Devices, Inc. All Rights Reserved.
---------------------------------------------------------------------------------------------------------------------------------------------
| Tool Version : Vivado v.2025.2 (win64) Build 6299465 Fri Nov 14 19:35:11 GMT 2025
| Date         : Tue Aug  4 21:46:26 2026
| Host         : LAPTOP-OJRLD0H9 running 64-bit major release  (build 9200)
| Command      : report_utilization -file RISCV_SC_utilization_placed.rpt -pb RISCV_SC_utilization_placed.pb
| Design       : RISCV_SC
| Device       : xczu5ev-sfvc784-1LV-i
| Speed File   : -1LV
| Design State : Fully Placed
---------------------------------------------------------------------------------------------------------------------------------------------

Utilization Design Information

Table of Contents
-----------------
1. CLB Logic
1.1 Summary of Registers by Type
2. CLB Logic Distribution
3. BLOCKRAM
4. ARITHMETIC
5. I/O
6. CLOCK
7. ADVANCED
8. CONFIGURATION
9. Primitives
10. Black Boxes
11. Instantiated Netlists

1. CLB Logic
------------

+-------------------------+-------+-------+------------+-----------+-------+
|        Site Type        |  Used | Fixed | Prohibited | Available | Util% |
+-------------------------+-------+-------+------------+-----------+-------+
| CLB LUTs                | 75975 |     0 |          0 |    117120 | 64.87 |
|   LUT as Logic          | 75975 |     0 |          0 |    117120 | 64.87 |
|   LUT as Memory         |     0 |     0 |          0 |     57600 |  0.00 |
| CLB Registers           | 16896 |     0 |          0 |    234240 |  7.21 |
|   Register as Flip Flop | 16896 |     0 |          0 |    234240 |  7.21 |
|   Register as Latch     |     0 |     0 |          0 |    234240 |  0.00 |
| CARRY8                  |    22 |     0 |          0 |     14640 |  0.15 |
| F7 Muxes                |  8939 |     0 |          0 |     58560 | 15.26 |
| F8 Muxes                |  4384 |     0 |          0 |     29280 | 14.97 |
| F9 Muxes                |     0 |     0 |          0 |     14640 |  0.00 |
| Unique Control Sets     |    17 |       |          0 |     29280 |  0.06 |
+-------------------------+-------+-------+------------+-----------+-------+
* Warning! LUT value is adjusted to account for LUT combining.
** Note: Available Control Sets calculated as Slices * 2, Review the Control Sets Report for more information regarding control sets.


1.1 Summary of Registers by Type
--------------------------------

+-------+--------------+-------------+--------------+
| Total | Clock Enable | Synchronous | Asynchronous |
+-------+--------------+-------------+--------------+
| 0     |            _ |           - |            - |
| 0     |            _ |           - |          Set |
| 0     |            _ |           - |        Reset |
| 0     |            _ |         Set |            - |
| 0     |            _ |       Reset |            - |
| 0     |          Yes |           - |            - |
| 0     |          Yes |           - |          Set |
| 0     |          Yes |           - |        Reset |
| 0     |          Yes |         Set |            - |
| 16896 |          Yes |       Reset |            - |
+-------+--------------+-------------+--------------+


2. CLB Logic Distribution
-------------------------

+--------------------------------------------+-------+-------+------------+-----------+-------+
|                  Site Type                 |  Used | Fixed | Prohibited | Available | Util% |
+--------------------------------------------+-------+-------+------------+-----------+-------+
| CLB                                        | 13170 |     0 |          0 |     14640 | 89.96 |
|   CLBL                                     |  6625 |     0 |            |           |       |
|   CLBM                                     |  6545 |     0 |            |           |       |
| LUT as Logic                               | 75975 |     0 |          0 |    117120 | 64.87 |
|   using O5 output only                     |     1 |       |            |           |       |
|   using O6 output only                     | 59822 |       |            |           |       |
|   using O5 and O6                          | 16152 |       |            |           |       |
| LUT as Memory                              |     0 |     0 |          0 |     57600 |  0.00 |
|   LUT as Distributed RAM                   |     0 |     0 |            |           |       |
|     using O5 output only                   |     0 |       |            |           |       |
|     using O6 output only                   |     0 |       |            |           |       |
|     using O5 and O6                        |     0 |       |            |           |       |
|   LUT as Shift Register                    |     0 |     0 |            |           |       |
|     using O5 output only                   |     0 |       |            |           |       |
|     using O6 output only                   |     0 |       |            |           |       |
|     using O5 and O6                        |     0 |       |            |           |       |
| CLB Registers                              | 16896 |     0 |          0 |    234240 |  7.21 |
|   Register driven from within the CLB      | 16416 |       |            |           |       |
|   Register driven from outside the CLB     |   480 |       |            |           |       |
|     LUT in front of the register is unused |   107 |       |            |           |       |
|     LUT in front of the register is used   |   373 |       |            |           |       |
+--------------------------------------------+-------+-------+------------+-----------+-------+


3. BLOCKRAM
-----------

+----------------+------+-------+------------+-----------+-------+
|    Site Type   | Used | Fixed | Prohibited | Available | Util% |
+----------------+------+-------+------------+-----------+-------+
| Block RAM Tile |    0 |     0 |          0 |       144 |  0.00 |
|   RAMB36/FIFO* |    0 |     0 |          0 |       144 |  0.00 |
|   RAMB18       |    0 |     0 |          0 |       288 |  0.00 |
| URAM           |    0 |     0 |          0 |        64 |  0.00 |
+----------------+------+-------+------------+-----------+-------+
* Note: Each Block RAM Tile only has one FIFO logic available and therefore can accommodate only one FIFO36E2 or one FIFO18E2. However, if a FIFO18E2 occupies a Block RAM Tile, that tile can still accommodate a RAMB18E2


4. ARITHMETIC
-------------

+-----------+------+-------+------------+-----------+-------+
| Site Type | Used | Fixed | Prohibited | Available | Util% |
+-----------+------+-------+------------+-----------+-------+
| DSPs      |    0 |     0 |          0 |      1248 |  0.00 |
+-----------+------+-------+------------+-----------+-------+


5. I/O
------

+------------------+------+-------+------------+-----------+-------+
|     Site Type    | Used | Fixed | Prohibited | Available | Util% |
+------------------+------+-------+------------+-----------+-------+
| Bonded IOB       |  194 |     0 |          0 |       252 | 76.98 |
|   HPIOB_M        |   63 |     0 |          0 |        72 | 87.50 |
|     INPUT        |    1 |       |            |           |       |
|     OUTPUT       |   62 |       |            |           |       |
|     BIDIR        |    0 |       |            |           |       |
|   HPIOB_S        |   63 |     0 |          0 |        72 | 87.50 |
|     INPUT        |    1 |       |            |           |       |
|     OUTPUT       |   62 |       |            |           |       |
|     BIDIR        |    0 |       |            |           |       |
|   HDIOB_M        |   32 |     0 |          0 |        48 | 66.67 |
|     INPUT        |    0 |       |            |           |       |
|     OUTPUT       |   32 |       |            |           |       |
|     BIDIR        |    0 |       |            |           |       |
|   HDIOB_S        |   32 |     0 |          0 |        48 | 66.67 |
|     INPUT        |    0 |       |            |           |       |
|     OUTPUT       |   32 |       |            |           |       |
|     BIDIR        |    0 |       |            |           |       |
|   HPIOB_SNGL     |    4 |     0 |          0 |        12 | 33.33 |
|     INPUT        |    0 |       |            |           |       |
|     OUTPUT       |    4 |       |            |           |       |
|     BIDIR        |    0 |       |            |           |       |
| HPIOBDIFFINBUF   |    0 |     0 |          0 |        96 |  0.00 |
| HPIOBDIFFOUTBUF  |    0 |     0 |          0 |        96 |  0.00 |
| HDIOBDIFFINBUF   |    0 |     0 |          0 |        48 |  0.00 |
| BITSLICE_CONTROL |    0 |     0 |          0 |        32 |  0.00 |
| BITSLICE_RX_TX   |    0 |     0 |          0 |      1248 |  0.00 |
| BITSLICE_TX      |    0 |     0 |          0 |        32 |  0.00 |
| RIU_OR           |    0 |     0 |          0 |        16 |  0.00 |
+------------------+------+-------+------------+-----------+-------+


6. CLOCK
--------

+------------+------+-------+------------+-----------+-------+
|  Site Type | Used | Fixed | Prohibited | Available | Util% |
+------------+------+-------+------------+-----------+-------+
| BUFGCE     |    1 |     0 |          0 |       112 |  0.89 |
| BUFGCE_DIV |    0 |     0 |          0 |        16 |  0.00 |
| BUFG_GT    |    0 |     0 |          0 |        96 |  0.00 |
| BUFG_PS    |    0 |     0 |          0 |        96 |  0.00 |
| BUFGCTRL*  |    0 |     0 |          0 |        32 |  0.00 |
| PLL        |    0 |     0 |          0 |         8 |  0.00 |
| MMCM       |    0 |     0 |          0 |         4 |  0.00 |
+------------+------+-------+------------+-----------+-------+
* Note: Each used BUFGCTRL counts as two GLOBAL CLOCK BUFFERs. This table does not include global clocking resources, only buffer cell usage. See the Clock Utilization Report (report_clock_utilization) for detailed accounting of global clocking resource availability.


7. ADVANCED
-----------

+-----------------+------+-------+------------+-----------+-------+
|    Site Type    | Used | Fixed | Prohibited | Available | Util% |
+-----------------+------+-------+------------+-----------+-------+
| GTHE4_CHANNEL   |    0 |     0 |          0 |         4 |  0.00 |
| GTHE4_COMMON    |    0 |     0 |          0 |         1 |  0.00 |
| OBUFDS_GTE4     |    0 |     0 |          0 |         2 |  0.00 |
| OBUFDS_GTE4_ADV |    0 |     0 |          0 |         2 |  0.00 |
| PCIE40E4        |    0 |     0 |          0 |         2 |  0.00 |
| PS8             |    0 |     0 |          0 |         1 |  0.00 |
| SYSMONE4        |    0 |     0 |          0 |         1 |  0.00 |
| VCU             |    0 |     0 |          0 |         1 |  0.00 |
+-----------------+------+-------+------------+-----------+-------+


8. CONFIGURATION
----------------

+-------------+------+-------+------------+-----------+-------+
|  Site Type  | Used | Fixed | Prohibited | Available | Util% |
+-------------+------+-------+------------+-----------+-------+
| BSCANE2     |    0 |     0 |          0 |         4 |  0.00 |
| DNA_PORTE2  |    0 |     0 |          0 |         1 |  0.00 |
| EFUSE_USR   |    0 |     0 |          0 |         1 |  0.00 |
| FRAME_ECCE4 |    0 |     0 |          0 |         1 |  0.00 |
| ICAPE3      |    0 |     0 |          0 |         2 |  0.00 |
| MASTER_JTAG |    0 |     0 |          0 |         1 |  0.00 |
| STARTUPE3   |    0 |     0 |          0 |         1 |  0.00 |
+-------------+------+-------+------------+-----------+-------+


9. Primitives
-------------

+----------+-------+---------------------+
| Ref Name |  Used | Functional Category |
+----------+-------+---------------------+
| LUT5     | 40452 |                 CLB |
| LUT6     | 32043 |                 CLB |
| FDRE     | 16896 |            Register |
| LUT3     | 16010 |                 CLB |
| MUXF7    |  8939 |                 CLB |
| MUXF8    |  4384 |                 CLB |
| LUT4     |  3026 |                 CLB |
| LUT2     |   595 |                 CLB |
| OBUF     |   192 |                 I/O |
| CARRY8   |    22 |                 CLB |
| INBUF    |     2 |                 I/O |
| IBUFCTRL |     2 |              Others |
| LUT1     |     1 |                 CLB |
| BUFGCE   |     1 |               Clock |
+----------+-------+---------------------+


10. Black Boxes
---------------

+----------+------+
| Ref Name | Used |
+----------+------+


11. Instantiated Netlists
-------------------------

+----------+------+
| Ref Name | Used |
+----------+------+


