Copyright 1986-2022 Xilinx, Inc. All Rights Reserved. Copyright 2022-2025 Advanced Micro Devices, Inc. All Rights Reserved.
---------------------------------------------------------------------------------------------------------------------------------------------
| Tool Version : Vivado v.2025.2 (win64) Build 6299465 Fri Nov 14 19:35:11 GMT 2025
| Date         : Tue Aug  4 21:46:25 2026
| Host         : LAPTOP-OJRLD0H9 running 64-bit major release  (build 9200)
| Command      : report_control_sets -verbose -file RISCV_SC_control_sets_placed.rpt
| Design       : RISCV_SC
| Device       : xczu5ev
---------------------------------------------------------------------------------------------------------------------------------------------

Control Set Information

Table of Contents
-----------------
1. Summary
2. Histogram
3. Flip-Flop Distribution
4. Detailed Control Set Information

1. Summary
----------

+----------------------------------------------------------+-------+
|                          Status                          | Count |
+----------------------------------------------------------+-------+
| Total control sets                                       |    17 |
|    Minimum number of control sets                        |    17 |
|    Addition due to synthesis replication                 |     0 |
|    Addition due to physical synthesis replication        |     0 |
| Unused register locations in slices containing registers |     0 |
+----------------------------------------------------------+-------+
* Control sets can be merged at opt_design using control_set_merge or merge_equivalent_drivers
** Run report_qor_suggestions for automated merging and remapping suggestions


2. Histogram
------------

+--------------------+-------+
|       Fanout       | Count |
+--------------------+-------+
| Total control sets |    17 |
| >= 0 to < 4        |     0 |
| >= 4 to < 6        |     0 |
| >= 6 to < 8        |     0 |
| >= 8 to < 10       |     0 |
| >= 10 to < 12      |     0 |
| >= 12 to < 14      |     0 |
| >= 14 to < 16      |     0 |
| >= 16              |    17 |
+--------------------+-------+
* Control sets can be remapped at either synth_design or opt_design


3. Flip-Flop Distribution
-------------------------

+--------------+-----------------------+------------------------+-----------------+--------------+
| Clock Enable | Synchronous Set/Reset | Asynchronous Set/Reset | Total Registers | Total Slices |
+--------------+-----------------------+------------------------+-----------------+--------------+
| No           | No                    | No                     |               0 |            0 |
| No           | No                    | Yes                    |               0 |            0 |
| No           | Yes                   | No                     |              32 |            8 |
| Yes          | No                    | No                     |           16864 |         8863 |
| Yes          | No                    | Yes                    |               0 |            0 |
| Yes          | Yes                   | No                     |               0 |            0 |
+--------------+-----------------------+------------------------+-----------------+--------------+


4. Detailed Control Set Information
-----------------------------------

+----------------+-------------------------------------------------------+------------------+------------------+----------------+--------------+
|  Clock Signal  |                     Enable Signal                     | Set/Reset Signal | Slice Load Count | Bel Load Count | Bels / Slice |
+----------------+-------------------------------------------------------+------------------+------------------+----------------+--------------+
|  clk_IBUF_BUFG |                                                       | rst_IBUF_inst/O  |                8 |             32 |         4.00 |
|  clk_IBUF_BUFG | u_decode_top/u_register_file/reg_file[10][31]_i_1_n_0 |                  |               24 |             32 |         1.33 |
|  clk_IBUF_BUFG | u_decode_top/u_register_file/reg_file[12][31]_i_1_n_0 |                  |               23 |             32 |         1.39 |
|  clk_IBUF_BUFG | u_decode_top/u_register_file/reg_file[3][31]_i_1_n_0  |                  |               25 |             32 |         1.28 |
|  clk_IBUF_BUFG | u_decode_top/u_register_file/reg_file[14][31]_i_1_n_0 |                  |               25 |             32 |         1.28 |
|  clk_IBUF_BUFG | u_decode_top/u_register_file/reg_file[4][31]_i_1_n_0  |                  |               24 |             32 |         1.33 |
|  clk_IBUF_BUFG | u_decode_top/u_register_file/reg_file[5][31]_i_1_n_0  |                  |               26 |             32 |         1.23 |
|  clk_IBUF_BUFG | u_decode_top/u_register_file/reg_file[2][31]_i_1_n_0  |                  |               27 |             32 |         1.19 |
|  clk_IBUF_BUFG | u_decode_top/u_register_file/reg_file[7][31]_i_1_n_0  |                  |               25 |             32 |         1.28 |
|  clk_IBUF_BUFG | u_decode_top/u_register_file/reg_file[8][31]_i_1_n_0  |                  |               25 |             32 |         1.28 |
|  clk_IBUF_BUFG | u_decode_top/u_register_file/reg_file[9][31]_i_1_n_0  |                  |               29 |             32 |         1.10 |
|  clk_IBUF_BUFG | u_decode_top/u_register_file/reg_file[15][31]_i_1_n_0 |                  |               27 |             32 |         1.19 |
|  clk_IBUF_BUFG | u_decode_top/u_register_file/reg_file[11][31]_i_1_n_0 |                  |               27 |             32 |         1.19 |
|  clk_IBUF_BUFG | u_decode_top/u_register_file/reg_file[13][31]_i_1_n_0 |                  |               26 |             32 |         1.23 |
|  clk_IBUF_BUFG | u_decode_top/u_register_file/reg_file[6][31]_i_1_n_0  |                  |               25 |             32 |         1.28 |
|  clk_IBUF_BUFG | u_decode_top/u_register_file/reg_file[0]              |                  |               25 |             32 |         1.28 |
|  clk_IBUF_BUFG | u_data_memory/mem[2038][7]_i_1_n_0                    |                  |             8767 |          16384 |         1.87 |
+----------------+-------------------------------------------------------+------------------+------------------+----------------+--------------+


