
*** Running vivado
    with args -log RISCV_SC.vdi -applog -m64 -product Vivado -messageDb vivado.pb -mode batch -source RISCV_SC.tcl -notrace



****** Vivado v2025.2 (64-bit)
  **** SW Build 6299465 on Fri Nov 14 19:35:11 GMT 2025
  **** IP Build 6300035 on Fri Nov 14 10:48:45 MST 2025
  **** SharedData Build 6298862 on Thu Nov 13 04:50:51 MST 2025
  **** Start of session at: Tue Aug  4 21:32:39 2026
    ** Copyright 1986-2022 Xilinx, Inc. All Rights Reserved.
    ** Copyright 2022-2025 Advanced Micro Devices, Inc. All Rights Reserved.

source RISCV_SC.tcl -notrace
create_project: Time (s): cpu = 00:00:21 ; elapsed = 00:00:15 . Memory (MB): peak = 526.184 ; gain = 223.340
Command: link_design -top RISCV_SC -part xczu5ev-sfvc784-1LV-i
Design is defaulting to srcset: sources_1
Design is defaulting to constrset: constrs_1
INFO: [Device 21-403] Loading part xczu5ev-sfvc784-1LV-i
Netlist sorting complete. Time (s): cpu = 00:00:01 ; elapsed = 00:00:01 . Memory (MB): peak = 1609.102 ; gain = 0.000
INFO: [Netlist 29-17] Analyzing 13347 Unisim elements for replacement
INFO: [Netlist 29-28] Unisim Transformation completed in 0 CPU seconds
WARNING: [Netlist 29-101] Netlist 'RISCV_SC' is not ideal for floorplanning, since the cellview 'data_memory' contains a large number of primitives.  Please consider enabling hierarchy in synthesis if you want to do floorplanning.
INFO: [Project 1-479] Netlist was created with Vivado 2025.2
INFO: [Project 1-570] Preparing netlist for logic optimization
Read ShapeDB Complete: Time (s): cpu = 00:00:00 ; elapsed = 00:00:00.470 . Memory (MB): peak = 1609.102 ; gain = 0.000
Netlist sorting complete. Time (s): cpu = 00:00:00 ; elapsed = 00:00:00.048 . Memory (MB): peak = 2030.465 ; gain = 0.000
INFO: [Project 1-111] Unisim Transformation Summary:
  A total of 2 instances were transformed.
  IBUF => IBUF (IBUFCTRL, INBUF): 2 instances

6 Infos, 1 Warnings, 0 Critical Warnings and 0 Errors encountered.
link_design completed successfully
link_design: Time (s): cpu = 00:00:54 ; elapsed = 00:01:11 . Memory (MB): peak = 2030.465 ; gain = 1504.281
Command: opt_design
Attempting to get a license for feature 'Implementation' and/or device 'xczu5ev'
INFO: [Common 17-349] Got license for feature 'Implementation' and/or device 'xczu5ev'
Running DRC as a precondition to command opt_design

Starting DRC Task
INFO: [DRC 23-27] Running DRC with 2 threads
INFO: [Project 1-461] DRC finished with 0 Errors
INFO: [Project 1-462] Please refer to the DRC report (report_drc) for more information.

Time (s): cpu = 00:00:02 ; elapsed = 00:00:02 . Memory (MB): peak = 2070.984 ; gain = 40.520

Starting Cache Timing Information Task
INFO: [Timing 38-35] Done setting XDC timing constraints.
Ending Cache Timing Information Task | Checksum: 138323b0d

Time (s): cpu = 00:00:12 ; elapsed = 00:00:17 . Memory (MB): peak = 2517.973 ; gain = 446.988

Starting Logic Optimization Task

Phase 1 Initialization

Phase 1.1 Core Generation And Design Setup
Phase 1.1 Core Generation And Design Setup | Checksum: 138323b0d

Time (s): cpu = 00:00:00 ; elapsed = 00:00:00.095 . Memory (MB): peak = 2993.750 ; gain = 0.000

Phase 1.2 Setup Constraints And Sort Netlist
Phase 1.2 Setup Constraints And Sort Netlist | Checksum: 138323b0d

Time (s): cpu = 00:00:00 ; elapsed = 00:00:00.247 . Memory (MB): peak = 2993.750 ; gain = 0.000
Phase 1 Initialization | Checksum: 138323b0d

Time (s): cpu = 00:00:00 ; elapsed = 00:00:00.263 . Memory (MB): peak = 2993.750 ; gain = 0.000

Phase 2 Timer Update And Timing Data Collection

Phase 2.1 Detect if minReqCache needed
Phase 2.1 Detect if minReqCache needed | Checksum: 138323b0d

Time (s): cpu = 00:00:00 ; elapsed = 00:00:00.399 . Memory (MB): peak = 2993.750 ; gain = 0.000

Phase 2.2 Timer Update
Phase 2.2 Timer Update | Checksum: 138323b0d

Time (s): cpu = 00:00:03 ; elapsed = 00:00:02 . Memory (MB): peak = 2993.750 ; gain = 0.000

Phase 2.3 Timing Data Collection
Phase 2.3 Timing Data Collection | Checksum: 138323b0d

Time (s): cpu = 00:00:03 ; elapsed = 00:00:02 . Memory (MB): peak = 2993.750 ; gain = 0.000
Phase 2 Timer Update And Timing Data Collection | Checksum: 138323b0d

Time (s): cpu = 00:00:03 ; elapsed = 00:00:02 . Memory (MB): peak = 2993.750 ; gain = 0.000

Phase 3 Retarget
INFO: [Opt 31-1851] Number of loadless carry chains removed were: 0
INFO: [Opt 31-1834] Total Chains To Be Transformed Were: 0 AND Number of Transformed insts Created are: 0
INFO: [Opt 31-138] Pushed 0 inverter(s) to 0 load pin(s).
INFO: [Opt 31-49] Retargeted 0 cell(s).
Phase 3 Retarget | Checksum: 16ac35f35

Time (s): cpu = 00:00:05 ; elapsed = 00:00:05 . Memory (MB): peak = 2993.750 ; gain = 0.000
Retarget | Checksum: 16ac35f35
INFO: [Opt 31-389] Phase Retarget created 0 cells and removed 0 cells

Phase 4 Constant propagation
INFO: [Opt 31-138] Pushed 0 inverter(s) to 0 load pin(s).
Phase 4 Constant propagation | Checksum: 131ed2ab2

Time (s): cpu = 00:00:06 ; elapsed = 00:00:06 . Memory (MB): peak = 2993.750 ; gain = 0.000
Constant propagation | Checksum: 131ed2ab2
INFO: [Opt 31-389] Phase Constant propagation created 0 cells and removed 0 cells

Phase 5 Sweep
INFO: [Constraints 18-11670] Building netlist checker database with flags, 0x8
Done building netlist checker database: Time (s): cpu = 00:00:01 ; elapsed = 00:00:00.046 . Memory (MB): peak = 2993.750 ; gain = 0.000
INFO: [Constraints 18-11670] Building netlist checker database with flags, 0x8
Done building netlist checker database: Time (s): cpu = 00:00:01 ; elapsed = 00:00:00.046 . Memory (MB): peak = 2993.750 ; gain = 0.000
Phase 5 Sweep | Checksum: 1091543c3

Time (s): cpu = 00:00:08 ; elapsed = 00:00:08 . Memory (MB): peak = 2993.750 ; gain = 0.000
Sweep | Checksum: 1091543c3
INFO: [Opt 31-389] Phase Sweep created 0 cells and removed 0 cells

Phase 6 BUFG optimization
INFO: [Opt 31-1077] Phase BUFG optimization inserted 0 global clock buffer(s) for CLOCK_LOW_FANOUT.
Phase 6 BUFG optimization | Checksum: 1091543c3

Time (s): cpu = 00:00:11 ; elapsed = 00:00:10 . Memory (MB): peak = 2993.750 ; gain = 0.000
BUFG optimization | Checksum: 1091543c3
INFO: [Opt 31-662] Phase BUFG optimization created 0 cells of which 0 are BUFGs and removed 0 cells.

Phase 7 Shift Register Optimization
INFO: [Opt 31-1064] SRL Remap converted 0 SRLs to 0 registers and converted 0 registers of register chains to 0 SRLs
Phase 7 Shift Register Optimization | Checksum: 1091543c3

Time (s): cpu = 00:00:11 ; elapsed = 00:00:10 . Memory (MB): peak = 2993.750 ; gain = 0.000
Shift Register Optimization | Checksum: 1091543c3
INFO: [Opt 31-389] Phase Shift Register Optimization created 0 cells and removed 0 cells

Phase 8 Post Processing Netlist
Phase 8 Post Processing Netlist | Checksum: 1091543c3

Time (s): cpu = 00:00:12 ; elapsed = 00:00:11 . Memory (MB): peak = 2993.750 ; gain = 0.000
Post Processing Netlist | Checksum: 1091543c3
INFO: [Opt 31-389] Phase Post Processing Netlist created 0 cells and removed 0 cells

Phase 9 Finalization

Phase 9.1 Finalizing Design Cores and Updating Shapes
Phase 9.1 Finalizing Design Cores and Updating Shapes | Checksum: 7a509911

Time (s): cpu = 00:00:12 ; elapsed = 00:00:11 . Memory (MB): peak = 2993.750 ; gain = 0.000

Phase 9.2 Verifying Netlist Connectivity

Starting Connectivity Check Task

Time (s): cpu = 00:00:01 ; elapsed = 00:00:00.506 . Memory (MB): peak = 2993.750 ; gain = 0.000
Phase 9.2 Verifying Netlist Connectivity | Checksum: 7a509911

Time (s): cpu = 00:00:13 ; elapsed = 00:00:12 . Memory (MB): peak = 2993.750 ; gain = 0.000
Phase 9 Finalization | Checksum: 7a509911

Time (s): cpu = 00:00:13 ; elapsed = 00:00:12 . Memory (MB): peak = 2993.750 ; gain = 0.000
Opt_design Change Summary
=========================


-------------------------------------------------------------------------------------------------------------------------
|  Phase                        |  #Cells created  |  #Cells Removed  |  #Constrained objects preventing optimizations  |
-------------------------------------------------------------------------------------------------------------------------
|  Retarget                     |               0  |               0  |                                              0  |
|  Constant propagation         |               0  |               0  |                                              0  |
|  Sweep                        |               0  |               0  |                                              0  |
|  BUFG optimization            |               0  |               0  |                                              0  |
|  Shift Register Optimization  |               0  |               0  |                                              0  |
|  Post Processing Netlist      |               0  |               0  |                                              0  |
-------------------------------------------------------------------------------------------------------------------------


Ending Logic Optimization Task | Checksum: 7a509911

Time (s): cpu = 00:00:13 ; elapsed = 00:00:12 . Memory (MB): peak = 2993.750 ; gain = 0.000

Starting Power Optimization Task
INFO: [Pwropt 34-132] Skipping clock gating for clocks with a period < 2.00 ns.
Ending Power Optimization Task | Checksum: 7a509911

Time (s): cpu = 00:00:00 ; elapsed = 00:00:00.206 . Memory (MB): peak = 2993.750 ; gain = 0.000

Starting Final Cleanup Task
Ending Final Cleanup Task | Checksum: 7a509911

Time (s): cpu = 00:00:00 ; elapsed = 00:00:00.028 . Memory (MB): peak = 2993.750 ; gain = 0.000
Netlist sorting complete. Time (s): cpu = 00:00:00 ; elapsed = 00:00:00.047 . Memory (MB): peak = 2993.750 ; gain = 0.000
INFO: [Common 17-83] Releasing license: Implementation
28 Infos, 1 Warnings, 0 Critical Warnings and 0 Errors encountered.
opt_design completed successfully
opt_design: Time (s): cpu = 00:00:33 ; elapsed = 00:00:38 . Memory (MB): peak = 2993.750 ; gain = 963.285
INFO: [Vivado 12-24828] Executing command : report_drc -file RISCV_SC_drc_opted.rpt -pb RISCV_SC_drc_opted.pb -rpx RISCV_SC_drc_opted.rpx
Command: report_drc -file RISCV_SC_drc_opted.rpt -pb RISCV_SC_drc_opted.pb -rpx RISCV_SC_drc_opted.rpx
INFO: [IP_Flow 19-234] Refreshing IP repositories
INFO: [IP_Flow 19-1704] No user IP repositories specified
INFO: [IP_Flow 19-2313] Loaded Vivado IP repository 'D:/vivado/2025.2/Vivado/data/ip'.
INFO: [Timing 38-35] Done setting XDC timing constraints.
INFO: [DRC 23-27] Running DRC with 2 threads
INFO: [Vivado_Tcl 2-168] The results of DRC are in file D:/vivado projects new/RISCV_SC/RISCV_SC.runs/impl_1/RISCV_SC_drc_opted.rpt.
report_drc completed successfully
report_drc: Time (s): cpu = 00:00:55 ; elapsed = 00:00:54 . Memory (MB): peak = 3780.086 ; gain = 786.336
generate_parallel_reports: Time (s): cpu = 00:00:56 ; elapsed = 00:00:54 . Memory (MB): peak = 3780.086 ; gain = 786.336
Write ShapeDB Complete: Time (s): cpu = 00:00:01 ; elapsed = 00:00:00.549 . Memory (MB): peak = 3780.086 ; gain = 0.000
INFO: [Common 17-1381] The checkpoint 'D:/vivado projects new/RISCV_SC/RISCV_SC.runs/impl_1/RISCV_SC_opt.dcp' has been generated.
write_checkpoint: Time (s): cpu = 00:00:09 ; elapsed = 00:00:09 . Memory (MB): peak = 3780.086 ; gain = 0.000
Command: place_design
Attempting to get a license for feature 'Implementation' and/or device 'xczu5ev'
INFO: [Common 17-349] Got license for feature 'Implementation' and/or device 'xczu5ev'
INFO: [Common 17-83] Releasing license: Implementation
INFO: [DRC 23-27] Running DRC with 2 threads
INFO: [Vivado_Tcl 4-198] DRC finished with 0 Errors
INFO: [Vivado_Tcl 4-199] Please refer to the DRC report (report_drc) for more information.
Running DRC as a precondition to command place_design
INFO: [DRC 23-27] Running DRC with 2 threads
INFO: [Vivado_Tcl 4-198] DRC finished with 0 Errors
INFO: [Vivado_Tcl 4-199] Please refer to the DRC report (report_drc) for more information.
INFO: [Place 30-611] Multithreading enabled for place_design using a maximum of 2 CPUs

Starting Placer Task

Phase 1 Placer Initialization

Phase 1.1 Placer Initialization Netlist Sorting
Netlist sorting complete. Time (s): cpu = 00:00:00 ; elapsed = 00:00:00.054 . Memory (MB): peak = 3780.086 ; gain = 0.000
Phase 1.1 Placer Initialization Netlist Sorting | Checksum: 617f6529

Time (s): cpu = 00:00:00 ; elapsed = 00:00:00.158 . Memory (MB): peak = 3780.086 ; gain = 0.000
Netlist sorting complete. Time (s): cpu = 00:00:01 ; elapsed = 00:00:00.051 . Memory (MB): peak = 3780.086 ; gain = 0.000

Phase 1.2 IO Placement/ Clock Placement/ Build Placer Device
Phase 1.2 IO Placement/ Clock Placement/ Build Placer Device | Checksum: 16bee7f46

Time (s): cpu = 00:00:08 ; elapsed = 00:00:07 . Memory (MB): peak = 3780.086 ; gain = 0.000

Phase 1.3 Build Placer Netlist Model
Phase 1.3 Build Placer Netlist Model | Checksum: 1aeed0ed1

Time (s): cpu = 00:00:15 ; elapsed = 00:00:15 . Memory (MB): peak = 3780.086 ; gain = 0.000

Phase 1.4 Constrain Clocks/Macros
Phase 1.4 Constrain Clocks/Macros | Checksum: 1aeed0ed1

Time (s): cpu = 00:00:15 ; elapsed = 00:00:15 . Memory (MB): peak = 3780.086 ; gain = 0.000
Phase 1 Placer Initialization | Checksum: 1aeed0ed1

Time (s): cpu = 00:00:15 ; elapsed = 00:00:16 . Memory (MB): peak = 3780.086 ; gain = 0.000

Phase 2 Global Placement

Phase 2.1 Floorplanning

Phase 2.1.1 Partition Driven Placement

Phase 2.1.1.1 PBP: Partition Driven Placement
Phase 2.1.1.1 PBP: Partition Driven Placement | Checksum: 1709230d6

Time (s): cpu = 00:01:03 ; elapsed = 00:00:50 . Memory (MB): peak = 3780.086 ; gain = 0.000

Phase 2.1.1.2 PBP: Clock Region Placement
INFO: [Place 30-3162] Check ILP status : ILP-based clock placer completed successfully.
Phase 2.1.1.2 PBP: Clock Region Placement | Checksum: 1709230d6

Time (s): cpu = 00:01:04 ; elapsed = 00:00:51 . Memory (MB): peak = 3780.086 ; gain = 0.000

Phase 2.1.1.3 PBP: Compute Congestion
Phase 2.1.1.3 PBP: Compute Congestion | Checksum: 1709230d6

Time (s): cpu = 00:01:43 ; elapsed = 00:01:16 . Memory (MB): peak = 3787.746 ; gain = 7.660

Phase 2.1.1.4 PBP: Add part constraints
Phase 2.1.1.4 PBP: Add part constraints | Checksum: 1709230d6

Time (s): cpu = 00:01:44 ; elapsed = 00:01:18 . Memory (MB): peak = 3796.746 ; gain = 16.660
Phase 2.1.1 Partition Driven Placement | Checksum: 1709230d6

Time (s): cpu = 00:01:45 ; elapsed = 00:01:18 . Memory (MB): peak = 3796.746 ; gain = 16.660
Phase 2.1 Floorplanning | Checksum: 1709230d6

Time (s): cpu = 00:01:45 ; elapsed = 00:01:18 . Memory (MB): peak = 3796.746 ; gain = 16.660

Phase 2.2 Update Timing before SLR Path Opt
Phase 2.2 Update Timing before SLR Path Opt | Checksum: 1709230d6

Time (s): cpu = 00:01:45 ; elapsed = 00:01:19 . Memory (MB): peak = 3796.746 ; gain = 16.660

Phase 2.3 Post-Processing in Floorplanning
Phase 2.3 Post-Processing in Floorplanning | Checksum: 1709230d6

Time (s): cpu = 00:01:45 ; elapsed = 00:01:19 . Memory (MB): peak = 3796.746 ; gain = 16.660

Phase 2.4 Global Place Phase1
Phase 2.4 Global Place Phase1 | Checksum: 1bcb13393

Time (s): cpu = 00:06:10 ; elapsed = 00:04:00 . Memory (MB): peak = 3963.836 ; gain = 183.750

Phase 2.5 Global Place Phase2
WARNING: [Place 46-29] Timing had been disabled during Placer and, therefore, physical synthesis in Placer will be skipped.
Phase 2.5 Global Place Phase2 | Checksum: 2422568d8

Time (s): cpu = 00:06:49 ; elapsed = 00:04:24 . Memory (MB): peak = 3963.836 ; gain = 183.750
Phase 2 Global Placement | Checksum: 2422568d8

Time (s): cpu = 00:06:49 ; elapsed = 00:04:25 . Memory (MB): peak = 3963.836 ; gain = 183.750

Phase 3 Detail Placement

Phase 3.1 Commit Multi Column Macros
Phase 3.1 Commit Multi Column Macros | Checksum: 2422568d8

Time (s): cpu = 00:07:39 ; elapsed = 00:04:57 . Memory (MB): peak = 3963.836 ; gain = 183.750

Phase 3.2 Commit Most Macros & LUTRAMs
Phase 3.2 Commit Most Macros & LUTRAMs | Checksum: 1e620f96b

Time (s): cpu = 00:07:39 ; elapsed = 00:04:58 . Memory (MB): peak = 3963.836 ; gain = 183.750

Phase 3.3 Small Shape DP

Phase 3.3.1 Small Shape Clustering
Phase 3.3.1 Small Shape Clustering | Checksum: 1bd941587

Time (s): cpu = 00:08:39 ; elapsed = 00:05:35 . Memory (MB): peak = 3963.836 ; gain = 183.750

Phase 3.3.2 Slice Area Swap

Phase 3.3.2.1 Slice Area Swap Initial
Phase 3.3.2.1 Slice Area Swap Initial | Checksum: 1da9a3912

Time (s): cpu = 00:09:14 ; elapsed = 00:06:00 . Memory (MB): peak = 3963.836 ; gain = 183.750
Phase 3.3.2 Slice Area Swap | Checksum: 1da9a3912

Time (s): cpu = 00:09:15 ; elapsed = 00:06:01 . Memory (MB): peak = 3963.836 ; gain = 183.750
Phase 3.3 Small Shape DP | Checksum: 1f8ddfe36

Time (s): cpu = 00:10:44 ; elapsed = 00:06:53 . Memory (MB): peak = 4019.090 ; gain = 239.004

Phase 3.4 Re-assign LUT pins
Phase 3.4 Re-assign LUT pins | Checksum: 1f8ddfe36

Time (s): cpu = 00:11:37 ; elapsed = 00:07:54 . Memory (MB): peak = 4019.090 ; gain = 239.004

Phase 3.5 Pipeline Register Optimization
Phase 3.5 Pipeline Register Optimization | Checksum: 1f8ddfe36

Time (s): cpu = 00:11:40 ; elapsed = 00:07:57 . Memory (MB): peak = 4019.090 ; gain = 239.004
Phase 3 Detail Placement | Checksum: 1f8ddfe36

Time (s): cpu = 00:11:42 ; elapsed = 00:07:58 . Memory (MB): peak = 4019.090 ; gain = 239.004

Phase 4 Post Placement Optimization and Clean-Up

Phase 4.1 Post Commit Optimization
Phase 4.1 Post Commit Optimization | Checksum: 1f8ddfe36

Time (s): cpu = 00:13:06 ; elapsed = 00:08:53 . Memory (MB): peak = 4019.090 ; gain = 239.004
Netlist sorting complete. Time (s): cpu = 00:00:01 ; elapsed = 00:00:00.332 . Memory (MB): peak = 4037.590 ; gain = 0.000

Phase 4.2 Post Placement Cleanup
Phase 4.2 Post Placement Cleanup | Checksum: 26feb4868

Time (s): cpu = 00:14:40 ; elapsed = 00:10:06 . Memory (MB): peak = 4037.590 ; gain = 257.504

Phase 4.3 Placer Reporting

Phase 4.3.1 Print Estimated Congestion
INFO: [Place 30-612] Post-Placement Estimated Congestion 
 ________________________________________________________________________
|           | Global Congestion | Long Congestion   | Short Congestion  |
| Direction | Region Size       | Region Size       | Region Size       |
|___________|___________________|___________________|___________________|
|      North|                1x1|                1x1|                1x1|
|___________|___________________|___________________|___________________|
|      South|                1x1|                1x1|                1x1|
|___________|___________________|___________________|___________________|
|       East|                1x1|                1x1|                2x2|
|___________|___________________|___________________|___________________|
|       West|                1x1|                1x1|                1x1|
|___________|___________________|___________________|___________________|

Phase 4.3.1 Print Estimated Congestion | Checksum: 26feb4868

Time (s): cpu = 00:14:43 ; elapsed = 00:10:08 . Memory (MB): peak = 4037.590 ; gain = 257.504
Phase 4.3 Placer Reporting | Checksum: 26feb4868

Time (s): cpu = 00:14:45 ; elapsed = 00:10:10 . Memory (MB): peak = 4037.590 ; gain = 257.504

Phase 4.4 Final Placement Cleanup
Netlist sorting complete. Time (s): cpu = 00:00:01 ; elapsed = 00:00:00.212 . Memory (MB): peak = 4037.590 ; gain = 0.000

Time (s): cpu = 00:14:46 ; elapsed = 00:10:10 . Memory (MB): peak = 4037.590 ; gain = 257.504
Phase 4 Post Placement Optimization and Clean-Up | Checksum: 2650a61df

Time (s): cpu = 00:14:48 ; elapsed = 00:10:12 . Memory (MB): peak = 4037.590 ; gain = 257.504
Ending Placer Task | Checksum: 1f8f6aab8

Time (s): cpu = 00:14:50 ; elapsed = 00:10:13 . Memory (MB): peak = 4037.590 ; gain = 257.504
47 Infos, 2 Warnings, 0 Critical Warnings and 0 Errors encountered.
place_design completed successfully
place_design: Time (s): cpu = 00:15:00 ; elapsed = 00:10:26 . Memory (MB): peak = 4037.590 ; gain = 257.504
INFO: [Vivado 12-24838] Running report commands "report_control_sets, report_io, report_utilization" in parallel.
Running report generation with 2 threads.
INFO: [Vivado 12-24828] Executing command : report_io -file RISCV_SC_io_placed.rpt
report_io: Time (s): cpu = 00:00:05 ; elapsed = 00:00:03 . Memory (MB): peak = 4037.590 ; gain = 0.000
INFO: [Vivado 12-24828] Executing command : report_control_sets -verbose -file RISCV_SC_control_sets_placed.rpt
report_control_sets: Time (s): cpu = 00:00:01 ; elapsed = 00:00:00.427 . Memory (MB): peak = 4037.590 ; gain = 0.000
INFO: [Vivado 12-24828] Executing command : report_utilization -file RISCV_SC_utilization_placed.rpt -pb RISCV_SC_utilization_placed.pb
generate_parallel_reports: Time (s): cpu = 00:00:08 ; elapsed = 00:00:05 . Memory (MB): peak = 4037.590 ; gain = 0.000
Write ShapeDB Complete: Time (s): cpu = 00:00:06 ; elapsed = 00:00:02 . Memory (MB): peak = 4037.590 ; gain = 0.000
Wrote PlaceDB: Time (s): cpu = 00:00:53 ; elapsed = 00:00:44 . Memory (MB): peak = 4037.590 ; gain = 0.000
Wrote PulsedLatchDB: Time (s): cpu = 00:00:00 ; elapsed = 00:00:00.003 . Memory (MB): peak = 4037.590 ; gain = 0.000
Writing XDEF routing.
Writing XDEF routing logical nets.
Writing XDEF routing special nets.
Wrote RouteStorage: Time (s): cpu = 00:00:00 ; elapsed = 00:00:03 . Memory (MB): peak = 4037.590 ; gain = 0.000
Wrote Netlist Cache: Time (s): cpu = 00:00:01 ; elapsed = 00:08:46 . Memory (MB): peak = 4037.590 ; gain = 0.000
Wrote Device Cache: Time (s): cpu = 00:00:00 ; elapsed = 00:00:02 . Memory (MB): peak = 4037.590 ; gain = 0.000
Write Physdb Complete: Time (s): cpu = 00:00:54 ; elapsed = 00:09:47 . Memory (MB): peak = 4037.590 ; gain = 0.000
INFO: [Common 17-1381] The checkpoint 'D:/vivado projects new/RISCV_SC/RISCV_SC.runs/impl_1/RISCV_SC_placed.dcp' has been generated.
write_checkpoint: Time (s): cpu = 00:01:04 ; elapsed = 00:34:29 . Memory (MB): peak = 4037.590 ; gain = 0.000
Command: phys_opt_design
Attempting to get a license for feature 'Implementation' and/or device 'xczu5ev'
INFO: [Common 17-349] Got license for feature 'Implementation' and/or device 'xczu5ev'

Starting Initial Update Timing Task

Time (s): cpu = 00:00:10 ; elapsed = 00:00:22 . Memory (MB): peak = 4037.590 ; gain = 0.000
INFO: [Vivado_Tcl 4-235] No timing constraint found. The netlist was not modified.
INFO: [Common 17-83] Releasing license: Implementation
55 Infos, 2 Warnings, 0 Critical Warnings and 0 Errors encountered.
phys_opt_design completed successfully
phys_opt_design: Time (s): cpu = 00:00:19 ; elapsed = 00:00:37 . Memory (MB): peak = 4037.590 ; gain = 0.000
Write ShapeDB Complete: Time (s): cpu = 00:00:02 ; elapsed = 00:00:00.651 . Memory (MB): peak = 4037.590 ; gain = 0.000
Wrote PlaceDB: Time (s): cpu = 00:00:16 ; elapsed = 00:00:11 . Memory (MB): peak = 4037.590 ; gain = 0.000
Wrote PulsedLatchDB: Time (s): cpu = 00:00:00 ; elapsed = 00:00:00.002 . Memory (MB): peak = 4037.590 ; gain = 0.000
Writing XDEF routing.
Writing XDEF routing logical nets.
Writing XDEF routing special nets.
Wrote RouteStorage: Time (s): cpu = 00:00:01 ; elapsed = 00:00:01 . Memory (MB): peak = 4037.590 ; gain = 0.000
Wrote Netlist Cache: Time (s): cpu = 00:00:00 ; elapsed = 00:00:00.337 . Memory (MB): peak = 4037.590 ; gain = 0.000
Wrote Device Cache: Time (s): cpu = 00:00:00 ; elapsed = 00:00:00.055 . Memory (MB): peak = 4037.590 ; gain = 0.000
Write Physdb Complete: Time (s): cpu = 00:00:17 ; elapsed = 00:00:13 . Memory (MB): peak = 4037.590 ; gain = 0.000
INFO: [Common 17-1381] The checkpoint 'D:/vivado projects new/RISCV_SC/RISCV_SC.runs/impl_1/RISCV_SC_physopt.dcp' has been generated.
write_checkpoint: Time (s): cpu = 00:00:21 ; elapsed = 00:00:20 . Memory (MB): peak = 4037.590 ; gain = 0.000
Command: route_design
Attempting to get a license for feature 'Implementation' and/or device 'xczu5ev'
INFO: [Common 17-349] Got license for feature 'Implementation' and/or device 'xczu5ev'


Starting Routing Task
INFO: [Route 35-254] Multithreading enabled for route_design using a maximum of 2 CPUs

Phase 1 Build RT Design
Checksum: PlaceDB: 9bbe560d ConstDB: 0 ShapeSum: 91312e66 RouteDB: cc072645
Nodegraph reading from file.  Time (s): cpu = 00:00:01 ; elapsed = 00:00:02 . Memory (MB): peak = 4037.590 ; gain = 0.000
Post Restoration Checksum: NetGraph: e33a7d55 | NumContArr: da8495f5 | Constraints: dd84eeb2 | Timing: c2a8fa9d
Phase 1 Build RT Design | Checksum: 35decfc99

Time (s): cpu = 00:00:35 ; elapsed = 00:00:27 . Memory (MB): peak = 4037.590 ; gain = 0.000

Phase 2 Router Initialization
INFO: [Route 35-64] No timing constraints were detected. The router will operate in resource-optimization mode.

Phase 2.1 Fix Topology Constraints
Phase 2.1 Fix Topology Constraints | Checksum: 35decfc99

Time (s): cpu = 00:00:39 ; elapsed = 00:00:30 . Memory (MB): peak = 4037.590 ; gain = 0.000

Phase 2.2 Pre Route Cleanup
Phase 2.2 Pre Route Cleanup | Checksum: 35decfc99

Time (s): cpu = 00:00:39 ; elapsed = 00:00:30 . Memory (MB): peak = 4037.590 ; gain = 0.000

Phase 2.3 Global Clock Net Routing
 Number of Nodes with overlaps = 0
Phase 2.3 Global Clock Net Routing | Checksum: 2c9ab6685

Time (s): cpu = 00:00:51 ; elapsed = 00:00:42 . Memory (MB): peak = 4037.590 ; gain = 0.000

Router Utilization Summary
  Global Vertical Routing Utilization    = 0 %
  Global Horizontal Routing Utilization  = 0 %
  Routable Net Status*
  *Does not include unroutable nets such as driverless and loadless.
  Run report_route_status for detailed report.
  Number of Failed Nets               = 79197
    (Failed Nets is the sum of unrouted and partially routed nets)
  Number of Unrouted Nets             = 53703
  Number of Partially Routed Nets     = 25494
  Number of Node Overlaps             = 0

Phase 2 Router Initialization | Checksum: 2d8926d0e

Time (s): cpu = 00:01:00 ; elapsed = 00:00:49 . Memory (MB): peak = 4037.590 ; gain = 0.000

Phase 3 Global Routing
Phase 3 Global Routing | Checksum: 2d8926d0e

Time (s): cpu = 00:01:00 ; elapsed = 00:00:49 . Memory (MB): peak = 4037.590 ; gain = 0.000

Phase 4 Initial Routing

Phase 4.1 Initial Net Routing Pass
Phase 4.1 Initial Net Routing Pass | Checksum: 228ff8371

Time (s): cpu = 00:02:33 ; elapsed = 00:01:52 . Memory (MB): peak = 4094.730 ; gain = 57.141
Phase 4 Initial Routing | Checksum: 228ff8371

Time (s): cpu = 00:02:35 ; elapsed = 00:01:53 . Memory (MB): peak = 4094.730 ; gain = 57.141

Phase 5 Rip-up And Reroute

Phase 5.1 Global Iteration 0
INFO: [Route 35-443] CLB routing congestion detected. Several CLBs have high routing utilization, which can impact timing closure. Congested CLBs and Nets are dumped in: iter_2_CongestedCLBsAndNets.txt
 Number of Nodes with overlaps = 64978
 Number of Nodes with overlaps = 5790
 Number of Nodes with overlaps = 1173
 Number of Nodes with overlaps = 667
INFO: [Route 35-443] CLB routing congestion detected. Several CLBs have high routing utilization, which can impact timing closure. Congested CLBs and Nets are dumped in: iter_22_CongestedCLBsAndNets.txt
 Number of Nodes with overlaps = 18
 Number of Nodes with overlaps = 8
 Number of Nodes with overlaps = 0
Phase 5.1 Global Iteration 0 | Checksum: 17ec99734

Time (s): cpu = 00:44:25 ; elapsed = 01:55:31 . Memory (MB): peak = 4225.039 ; gain = 187.449
Phase 5 Rip-up And Reroute | Checksum: 17ec99734

Time (s): cpu = 00:44:27 ; elapsed = 01:55:32 . Memory (MB): peak = 4225.039 ; gain = 187.449

Phase 6 Delay and Skew Optimization
Phase 6 Delay and Skew Optimization | Checksum: 24aa0625e

Time (s): cpu = 00:44:28 ; elapsed = 01:55:34 . Memory (MB): peak = 4225.039 ; gain = 187.449

Phase 7 Post Hold Fix

Phase 7.1 Hold Fix Iter
Phase 7.1 Hold Fix Iter | Checksum: 24aa0625e

Time (s): cpu = 00:44:30 ; elapsed = 01:55:34 . Memory (MB): peak = 4225.039 ; gain = 187.449
Phase 7 Post Hold Fix | Checksum: 24aa0625e

Time (s): cpu = 00:44:31 ; elapsed = 01:55:35 . Memory (MB): peak = 4225.039 ; gain = 187.449

Phase 8 Route finalize

Router Utilization Summary
  Global Vertical Routing Utilization    = 19.7649 %
  Global Horizontal Routing Utilization  = 22.9417 %
  Routable Net Status*
  *Does not include unroutable nets such as driverless and loadless.
  Run report_route_status for detailed report.
  Number of Failed Nets               = 0
    (Failed Nets is the sum of unrouted and partially routed nets)
  Number of Unrouted Nets             = 0
  Number of Partially Routed Nets     = 0
  Number of Node Overlaps             = 0


--GLOBAL Congestion:
Utilization threshold used for congestion level computation: 0.85
Congestion Report
North Dir 1x1 Area, Max Cong = 62.4413%, No Congested Regions.
South Dir 1x1 Area, Max Cong = 62.5592%, No Congested Regions.
East Dir 1x1 Area, Max Cong = 69.2308%, No Congested Regions.
West Dir 1x1 Area, Max Cong = 65.4762%, No Congested Regions.

------------------------------
Reporting congestion hotspots
------------------------------
Direction: North
----------------
Congested clusters found at Level 0
Effective congestion level: 0 Aspect Ratio: 1 Sparse Ratio: 0
Direction: South
----------------
Congested clusters found at Level 0
Effective congestion level: 0 Aspect Ratio: 1 Sparse Ratio: 0
Direction: East
----------------
Congested clusters found at Level 0
Effective congestion level: 0 Aspect Ratio: 1 Sparse Ratio: 0
Direction: West
----------------
Congested clusters found at Level 0
Effective congestion level: 0 Aspect Ratio: 1 Sparse Ratio: 0

Phase 8 Route finalize | Checksum: 24aa0625e

Time (s): cpu = 00:44:38 ; elapsed = 01:55:40 . Memory (MB): peak = 4225.039 ; gain = 187.449

Phase 9 Verifying routed nets

 Verification completed successfully
Phase 9 Verifying routed nets | Checksum: 24aa0625e

Time (s): cpu = 00:44:40 ; elapsed = 01:55:42 . Memory (MB): peak = 4225.039 ; gain = 187.449

Phase 10 Depositing Routes
Phase 10 Depositing Routes | Checksum: 24aa0625e

Time (s): cpu = 00:46:06 ; elapsed = 01:57:19 . Memory (MB): peak = 4225.039 ; gain = 187.449

Phase 11 Resolve XTalk

Skipping xtalk assignment for non timing driven mode.
Phase 11 Resolve XTalk | Checksum: 24aa0625e

Time (s): cpu = 00:46:09 ; elapsed = 01:57:21 . Memory (MB): peak = 4225.039 ; gain = 187.449

Phase 12 Post Process Routing
Phase 12 Post Process Routing | Checksum: 24aa0625e

Time (s): cpu = 00:46:13 ; elapsed = 01:57:25 . Memory (MB): peak = 4225.039 ; gain = 187.449
Time taken to check if laguna hold fix is required (in secs): 0.007
Skip PhysOpt in Router because non-negative WNS value: 1e+30 .
Total Elapsed time in route_design: 7076.24 secs

Phase 13 Post-Route Event Processing
Phase 13 Post-Route Event Processing | Checksum: 1ab328f6a

Time (s): cpu = 00:46:44 ; elapsed = 01:58:00 . Memory (MB): peak = 4225.039 ; gain = 187.449
INFO: [Route 35-16] Router Completed Successfully
Ending Routing Task | Checksum: 1ab328f6a

Time (s): cpu = 00:46:49 ; elapsed = 01:58:03 . Memory (MB): peak = 4225.039 ; gain = 187.449

Routing Is Done.
INFO: [Common 17-83] Releasing license: Implementation
63 Infos, 2 Warnings, 0 Critical Warnings and 0 Errors encountered.
route_design completed successfully
route_design: Time (s): cpu = 00:46:53 ; elapsed = 01:58:08 . Memory (MB): peak = 4225.039 ; gain = 187.449
INFO: [Vivado 12-24828] Executing command : report_drc -file RISCV_SC_drc_routed.rpt -pb RISCV_SC_drc_routed.pb -rpx RISCV_SC_drc_routed.rpx
Command: report_drc -file RISCV_SC_drc_routed.rpt -pb RISCV_SC_drc_routed.pb -rpx RISCV_SC_drc_routed.rpx
INFO: [IP_Flow 19-1839] IP Catalog is up to date.
INFO: [DRC 23-27] Running DRC with 2 threads
INFO: [Vivado_Tcl 2-168] The results of DRC are in file D:/vivado projects new/RISCV_SC/RISCV_SC.runs/impl_1/RISCV_SC_drc_routed.rpt.
report_drc completed successfully
report_drc: Time (s): cpu = 00:05:50 ; elapsed = 00:05:55 . Memory (MB): peak = 4225.039 ; gain = 0.000
INFO: [Vivado 12-24828] Executing command : report_methodology -file RISCV_SC_methodology_drc_routed.rpt -pb RISCV_SC_methodology_drc_routed.pb -rpx RISCV_SC_methodology_drc_routed.rpx
Command: report_methodology -file RISCV_SC_methodology_drc_routed.rpt -pb RISCV_SC_methodology_drc_routed.pb -rpx RISCV_SC_methodology_drc_routed.rpx
INFO: [Timing 38-35] Done setting XDC timing constraints.
INFO: [DRC 23-133] Running Methodology with 2 threads
INFO: [Vivado_Tcl 2-1520] The results of Report Methodology are in file D:/vivado projects new/RISCV_SC/RISCV_SC.runs/impl_1/RISCV_SC_methodology_drc_routed.rpt.
report_methodology completed successfully
report_methodology: Time (s): cpu = 00:01:04 ; elapsed = 00:00:52 . Memory (MB): peak = 4225.039 ; gain = 0.000
INFO: [Vivado 12-24828] Executing command : report_timing_summary -max_paths 10 -routable_nets -report_unconstrained -file RISCV_SC_timing_summary_routed.rpt -pb RISCV_SC_timing_summary_routed.pb -rpx RISCV_SC_timing_summary_routed.rpx -warn_on_violation 
INFO: [Timing 38-35] Done setting XDC timing constraints.
INFO: [Timing 38-91] UpdateTimingParams: Speed grade: -1LV, Temperature grade: I, Delay Type: min_max.
INFO: [Timing 38-191] Multithreading enabled for timing update using a maximum of 2 CPUs
WARNING: [Timing 38-313] There are no user specified timing constraints. Timing constraints are needed for proper timing analysis.
report_timing_summary: Time (s): cpu = 00:00:35 ; elapsed = 00:00:29 . Memory (MB): peak = 4225.039 ; gain = 0.000
INFO: [Vivado 12-24838] Running report commands "report_incremental_reuse, report_route_status" in parallel.
Running report generation with 2 threads.
INFO: [Vivado 12-24828] Executing command : report_incremental_reuse -file RISCV_SC_incremental_reuse_routed.rpt
INFO: [Vivado_Tcl 4-1062] Incremental flow is disabled. No incremental reuse Info to report.
INFO: [Vivado 12-24828] Executing command : report_route_status -file RISCV_SC_route_status.rpt -pb RISCV_SC_route_status.pb
INFO: [Vivado 12-24828] Executing command : report_power -file RISCV_SC_power_routed.rpt -pb RISCV_SC_power_summary_routed.pb -rpx RISCV_SC_power_routed.rpx
Command: report_power -file RISCV_SC_power_routed.rpt -pb RISCV_SC_power_summary_routed.pb -rpx RISCV_SC_power_routed.rpx
WARNING: [Power 33-232] No user defined clocks were found in the design! Power estimation will be inaccurate until this is corrected.
Resolution: Please specify clocks using create_clock/create_generated_clock for sequential elements. For pure combinatorial circuits, please specify a virtual clock, otherwise the vectorless estimation might be inaccurate
Running Vector-less Activity Propagation...

Finished Running Vector-less Activity Propagation
CRITICAL WARNING: [Power 33-333] The Vccint supply current exceeds the maximum limit of the selected package.  See the PCB design user guide for limit values.
80 Infos, 4 Warnings, 1 Critical Warnings and 0 Errors encountered.
report_power completed successfully
report_power: Time (s): cpu = 00:04:15 ; elapsed = 00:05:17 . Memory (MB): peak = 4225.039 ; gain = 0.000
INFO: [Vivado 12-24828] Executing command : report_clock_utilization -file RISCV_SC_clock_utilization_routed.rpt
report_clock_utilization: Time (s): cpu = 00:00:22 ; elapsed = 00:00:28 . Memory (MB): peak = 4225.039 ; gain = 0.000
INFO: [Vivado 12-24828] Executing command : report_bus_skew -warn_on_violation -file RISCV_SC_bus_skew_routed.rpt -pb RISCV_SC_bus_skew_routed.pb -rpx RISCV_SC_bus_skew_routed.rpx
INFO: [Timing 38-91] UpdateTimingParams: Speed grade: -1LV, Temperature grade: I, Delay Type: min_max.
INFO: [Timing 38-191] Multithreading enabled for timing update using a maximum of 2 CPUs
generate_parallel_reports: Time (s): cpu = 00:12:07 ; elapsed = 00:13:04 . Memory (MB): peak = 4225.039 ; gain = 0.000
Write ShapeDB Complete: Time (s): cpu = 00:00:06 ; elapsed = 00:00:02 . Memory (MB): peak = 4225.039 ; gain = 0.000
Wrote PlaceDB: Time (s): cpu = 00:00:53 ; elapsed = 00:00:41 . Memory (MB): peak = 4225.039 ; gain = 0.000
Wrote PulsedLatchDB: Time (s): cpu = 00:00:00 ; elapsed = 00:00:00.005 . Memory (MB): peak = 4225.039 ; gain = 0.000
Writing XDEF routing.
Writing XDEF routing logical nets.
Writing XDEF routing special nets.
Wrote RouteStorage: Time (s): cpu = 00:00:08 ; elapsed = 00:00:13 . Memory (MB): peak = 4225.039 ; gain = 0.000
Wrote Netlist Cache: Time (s): cpu = 00:00:01 ; elapsed = 00:00:00.705 . Memory (MB): peak = 4225.039 ; gain = 0.000
Wrote Device Cache: Time (s): cpu = 00:00:00 ; elapsed = 00:00:00.108 . Memory (MB): peak = 4225.039 ; gain = 0.000
Write Physdb Complete: Time (s): cpu = 00:01:02 ; elapsed = 00:00:55 . Memory (MB): peak = 4225.039 ; gain = 0.000
INFO: [Common 17-1381] The checkpoint 'D:/vivado projects new/RISCV_SC/RISCV_SC.runs/impl_1/RISCV_SC_routed.dcp' has been generated.
write_checkpoint: Time (s): cpu = 00:01:13 ; elapsed = 00:01:12 . Memory (MB): peak = 4225.039 ; gain = 0.000
INFO: [Common 17-206] Exiting Vivado at Wed Aug  5 00:34:17 2026...
